// Jest Snapshot v1, https://goo.gl/fbAQLP

exports[`<GridSection /> should render 1`] = `
.c4 {
  color: #333;
  font-size: 6.4rem;
  text-transform: uppercase;
}

.c9 {
  color: #333;
  font-size: 3.2rem;
  text-transform: none;
}

.c6 {
  font-size: 2.4rem;
}

.c2 .c5 {
  margin-bottom: 6.4rem;
}

.c7 {
  counter-reset: grid-counter;
  display: grid;
  grid-template-columns: repeat(auto-fill,minmax(280px,1fr));
  gap: 3.2rem;
  overflow: hidden;
  width: 100%;
}

.c8 .c3 {
  position: relative;
  left: 4.8rem;
}

.c8 .c3::before {
  counter-increment: grid-counter;
  content: counter(grid-counter);
  position: absolute;
  font-size: 7rem;
  top: -3rem;
  left: -4.8rem;
  -webkit-transform: rotate(10deg);
  -ms-transform: rotate(10deg);
  transform: rotate(10deg);
}

.c0 {
  background: #fff;
  color: #333;
  min-height: 100vh;
  display: -webkit-box;
  display: -webkit-flex;
  display: -ms-flexbox;
  display: flex;
  -webkit-align-items: center;
  -webkit-box-align: center;
  -ms-flex-align: center;
  align-items: center;
}

.c1 {
  max-width: 120rem;
  width: 100%;
  margin-inline: auto;
  padding: 3.2rem;
}

@media (max-width:768px) {
  .c4 {
    font-size: 4rem;
  }
}

@media (max-width:768px) {
  .c7 {
    grid-template-columns: 1fr;
  }
}

<div>
  <div
    class="c0"
    id=""
  >
    <div
      class="c1"
    >
      <div
        class="c2"
      >
        <h2
          class="c3 c4"
        >
          My grid
        </h2>
        <p
          class="c5 c6"
        >
          Lorem ipsum dolor sit amet consectetur adipisicing elit. Repellat totam sequi, iusto sunt vel excepturi?
        </p>
        <div
          class="c7"
        >
          <div
            class="c8"
          >
            <h3
              class="c3 c9"
            >
              Teste 1
            </h3>
            <p
              class="c5 c6"
            >
              Lorem ipsum dolor sit amet consectetur adipisicing elit. Optio beatae repellendus tempora dolore ab. Ullam itaque non alias illum. Provident vel, obcaecati nostrum aliquam fuga perspiciatis eveniet excepturi eius praesentium, dolorum soluta vero maxime quaerat molestiae ipsum, harum ducimus odio?
            </p>
          </div>
          <div
            class="c8"
          >
            <h3
              class="c3 c9"
            >
              Teste 2
            </h3>
            <p
              class="c5 c6"
            >
              Lorem ipsum dolor sit amet consectetur adipisicing elit. Optio beatae repellendus tempora dolore ab. Ullam itaque non alias illum. Provident vel, obcaecati nostrum aliquam fuga perspiciatis eveniet excepturi eius praesentium, dolorum soluta vero maxime quaerat molestiae ipsum, harum ducimus odio?
            </p>
          </div>
          <div
            class="c8"
          >
            <h3
              class="c3 c9"
            >
              Teste 3
            </h3>
            <p
              class="c5 c6"
            >
              Lorem ipsum dolor sit amet consectetur adipisicing elit. Optio beatae repellendus tempora dolore ab. Ullam itaque non alias illum. Provident vel, obcaecati nostrum aliquam fuga perspiciatis eveniet excepturi eius praesentium, dolorum soluta vero maxime quaerat molestiae ipsum, harum ducimus odio?
            </p>
          </div>
        </div>
      </div>
    </div>
  </div>
</div>
`;

exports[`<GridSection /> should render without background 1`] = `
.c4 {
  color: #333;
  font-size: 6.4rem;
  text-transform: uppercase;
}

.c9 {
  color: #333;
  font-size: 3.2rem;
  text-transform: none;
}

.c6 {
  font-size: 2.4rem;
}

.c2 .c5 {
  margin-bottom: 6.4rem;
}

.c7 {
  counter-reset: grid-counter;
  display: grid;
  grid-template-columns: repeat(auto-fill,minmax(280px,1fr));
  gap: 3.2rem;
  overflow: hidden;
  width: 100%;
}

.c8 .c3 {
  position: relative;
  left: 4.8rem;
}

.c8 .c3::before {
  counter-increment: grid-counter;
  content: counter(grid-counter);
  position: absolute;
  font-size: 7rem;
  top: -3rem;
  left: -4.8rem;
  -webkit-transform: rotate(10deg);
  -ms-transform: rotate(10deg);
  transform: rotate(10deg);
}

.c0 {
  background: #fff;
  color: #333;
  min-height: 100vh;
  display: -webkit-box;
  display: -webkit-flex;
  display: -ms-flexbox;
  display: flex;
  -webkit-align-items: center;
  -webkit-box-align: center;
  -ms-flex-align: center;
  align-items: center;
}

.c1 {
  max-width: 120rem;
  width: 100%;
  margin-inline: auto;
  padding: 3.2rem;
}

@media (max-width:768px) {
  .c4 {
    font-size: 4rem;
  }
}

@media (max-width:768px) {
  .c7 {
    grid-template-columns: 1fr;
  }
}

<div>
  <div
    class="c0"
    id=""
  >
    <div
      class="c1"
    >
      <div
        class="c2"
      >
        <h2
          class="c3 c4"
        >
          My grid
        </h2>
        <p
          class="c5 c6"
        >
          Lorem ipsum dolor sit amet consectetur adipisicing elit. Repellat totam sequi, iusto sunt vel excepturi?
        </p>
        <div
          class="c7"
        >
          <div
            class="c8"
          >
            <h3
              class="c3 c9"
            >
              Teste 1
            </h3>
            <p
              class="c5 c6"
            >
              Lorem ipsum dolor sit amet consectetur adipisicing elit. Optio beatae repellendus tempora dolore ab. Ullam itaque non alias illum. Provident vel, obcaecati nostrum aliquam fuga perspiciatis eveniet excepturi eius praesentium, dolorum soluta vero maxime quaerat molestiae ipsum, harum ducimus odio?
            </p>
          </div>
          <div
            class="c8"
          >
            <h3
              class="c3 c9"
            >
              Teste 2
            </h3>
            <p
              class="c5 c6"
            >
              Lorem ipsum dolor sit amet consectetur adipisicing elit. Optio beatae repellendus tempora dolore ab. Ullam itaque non alias illum. Provident vel, obcaecati nostrum aliquam fuga perspiciatis eveniet excepturi eius praesentium, dolorum soluta vero maxime quaerat molestiae ipsum, harum ducimus odio?
            </p>
          </div>
          <div
            class="c8"
          >
            <h3
              class="c3 c9"
            >
              Teste 3
            </h3>
            <p
              class="c5 c6"
            >
              Lorem ipsum dolor sit amet consectetur adipisicing elit. Optio beatae repellendus tempora dolore ab. Ullam itaque non alias illum. Provident vel, obcaecati nostrum aliquam fuga perspiciatis eveniet excepturi eius praesentium, dolorum soluta vero maxime quaerat molestiae ipsum, harum ducimus odio?
            </p>
          </div>
        </div>
      </div>
    </div>
  </div>
</div>
`;
